nohup: ignoring input
[2026-03-19 21:08:57,715: INFO/MainProcess] beat: Starting...
[2026-03-19 21:08:57,733: ERROR/MainProcess] Removing corrupted schedule file 'celerybeat-schedule': error(13, 'Permission denied')
Traceback (most recent call last):
  File "/home/soumya-ranjan/Documents/final_production/Final_DCMTS/backend/venv/lib/python3.12/site-packages/celery/beat.py", line 533, in setup_schedule
    self._store = self._open_schedule()
                  ^^^^^^^^^^^^^^^^^^^^^
  File "/home/soumya-ranjan/Documents/final_production/Final_DCMTS/backend/venv/lib/python3.12/site-packages/celery/beat.py", line 523, in _open_schedule
    return self.persistence.open(self.schedule_filename, writeback=True)
           ^^^^^^^^^^^^^^^^^^^^^^^^^^^^^^^^^^^^^^^^^^^^^^^^^^^^^^^^^^^^^
  File "/usr/lib/python3.12/shelve.py", line 243, in open
    return DbfilenameShelf(filename, flag, protocol, writeback)
           ^^^^^^^^^^^^^^^^^^^^^^^^^^^^^^^^^^^^^^^^^^^^^^^^^^^^
  File "/usr/lib/python3.12/shelve.py", line 227, in __init__
    Shelf.__init__(self, dbm.open(filename, flag), protocol, writeback)
                         ^^^^^^^^^^^^^^^^^^^^^^^^
  File "/usr/lib/python3.12/dbm/__init__.py", line 95, in open
    return mod.open(file, flag, mode)
           ^^^^^^^^^^^^^^^^^^^^^^^^^^
_gdbm.error: [Errno 13] Permission denied: 'celerybeat-schedule'
celery beat v5.6.2 (recovery) is starting.
__    -    ... __   -        _
LocalTime -> 2026-03-19 21:08:57
Configuration ->
    . broker -> redis://localhost:6379/0
    . loader -> celery.loaders.app.AppLoader
    . scheduler -> celery.beat.PersistentScheduler
    . db -> celerybeat-schedule
    . logfile -> [stderr]@%INFO
    . maxinterval -> 5.00 minutes (300s)
